// Vitest Snapshot v1, https://vitest.dev/guide/snapshot.html

exports[`renderExerciseNotation > snapshots renderer-agnostic layout for every exercise event 1`] = `
{
  "barBoundaries": [
    56,
    525,
    1020,
  ],
  "height": 216,
  "notes": [
    {
      "bbox": {
        "height": 10,
        "width": 8,
        "x": 68,
        "y": 91,
      },
      "tick": 0,
      "voice": "hihat",
      "x": 72,
      "y": 96,
    },
    {
      "bbox": {
        "height": 10,
        "width": 8,
        "x": 68,
        "y": 131,
      },
      "tick": 0,
      "voice": "kick",
      "x": 72,
      "y": 136,
    },
    {
      "bbox": {
        "height": 10,
        "width": 8,
        "x": 134,
        "y": 91,
      },
      "tick": 480,
      "voice": "hihat",
      "x": 138,
      "y": 96,
    },
    {
      "bbox": {
        "height": 10,
        "width": 8,
        "x": 134,
        "y": 111,
      },
      "tick": 480,
      "voice": "snare",
      "x": 138,
      "y": 116,
    },
    {
      "bbox": {
        "height": 10,
        "width": 8,
        "x": 183,
        "y": 91,
      },
      "tick": 720,
      "voice": "hihat",
      "x": 187,
      "y": 96,
    },
    {
      "bbox": {
        "height": 10,
        "width": 8,
        "x": 232,
        "y": 91,
      },
      "tick": 960,
      "voice": "hihat",
      "x": 236,
      "y": 96,
    },
    {
      "bbox": {
        "height": 10,
        "width": 8,
        "x": 232,
        "y": 131,
      },
      "tick": 960,
      "voice": "kick",
      "x": 236,
      "y": 136,
    },
    {
      "bbox": {
        "height": 10,
        "width": 8,
        "x": 274,
        "y": 91,
      },
      "tick": 1080,
      "voice": "hihat",
      "x": 278,
      "y": 96,
    },
    {
      "bbox": {
        "height": 10,
        "width": 8,
        "x": 317,
        "y": 91,
      },
      "tick": 1200,
      "voice": "hihat",
      "x": 321,
      "y": 96,
    },
    {
      "bbox": {
        "height": 10,
        "width": 8,
        "x": 360,
        "y": 91,
      },
      "tick": 1320,
      "voice": "hihat",
      "x": 364,
      "y": 96,
    },
    {
      "bbox": {
        "height": 10,
        "width": 8,
        "x": 402,
        "y": 91,
      },
      "tick": 1440,
      "voice": "hihat",
      "x": 406,
      "y": 96,
    },
    {
      "bbox": {
        "height": 10,
        "width": 8,
        "x": 402,
        "y": 111,
      },
      "tick": 1440,
      "voice": "snare",
      "x": 406,
      "y": 116,
    },
    {
      "bbox": {
        "height": 10,
        "width": 8,
        "x": 447,
        "y": 91,
      },
      "tick": 1600,
      "voice": "hihat",
      "x": 451,
      "y": 96,
    },
    {
      "bbox": {
        "height": 10,
        "width": 8,
        "x": 492,
        "y": 91,
      },
      "tick": 1760,
      "voice": "hihat",
      "x": 496,
      "y": 96,
    },
    {
      "bbox": {
        "height": 10,
        "width": 8,
        "x": 537,
        "y": 91,
      },
      "tick": 1920,
      "voice": "hihat",
      "x": 541,
      "y": 96,
    },
    {
      "bbox": {
        "height": 10,
        "width": 8,
        "x": 537,
        "y": 131,
      },
      "tick": 1920,
      "voice": "kick",
      "x": 541,
      "y": 136,
    },
    {
      "bbox": {
        "height": 10,
        "width": 8,
        "x": 594,
        "y": 91,
      },
      "tick": 2160,
      "voice": "hihat",
      "x": 598,
      "y": 96,
    },
    {
      "bbox": {
        "height": 10,
        "width": 8,
        "x": 652,
        "y": 111,
      },
      "tick": 2400,
      "voice": "snare",
      "x": 656,
      "y": 116,
    },
    {
      "bbox": {
        "height": 10,
        "width": 8,
        "x": 709,
        "y": 91,
      },
      "tick": 2640,
      "voice": "hihat",
      "x": 713,
      "y": 96,
    },
    {
      "bbox": {
        "height": 10,
        "width": 8,
        "x": 709,
        "y": 131,
      },
      "tick": 2640,
      "voice": "kick",
      "x": 713,
      "y": 136,
    },
    {
      "bbox": {
        "height": 10,
        "width": 8,
        "x": 767,
        "y": 91,
      },
      "tick": 2880,
      "voice": "hihat",
      "x": 771,
      "y": 96,
    },
    {
      "bbox": {
        "height": 10,
        "width": 8,
        "x": 767,
        "y": 131,
      },
      "tick": 2880,
      "voice": "kick",
      "x": 771,
      "y": 136,
    },
    {
      "bbox": {
        "height": 10,
        "width": 8,
        "x": 843,
        "y": 91,
      },
      "tick": 3360,
      "voice": "hihat",
      "x": 847,
      "y": 96,
    },
    {
      "bbox": {
        "height": 10,
        "width": 8,
        "x": 843,
        "y": 111,
      },
      "tick": 3360,
      "voice": "snare",
      "x": 847,
      "y": 116,
    },
    {
      "bbox": {
        "height": 10,
        "width": 8,
        "x": 896,
        "y": 91,
      },
      "tick": 3520,
      "voice": "hihat",
      "x": 900,
      "y": 96,
    },
    {
      "bbox": {
        "height": 10,
        "width": 8,
        "x": 948,
        "y": 91,
      },
      "tick": 3680,
      "voice": "hihat",
      "x": 952,
      "y": 96,
    },
  ],
  "width": 1040,
}
`;
